// Jest Snapshot v1, https://goo.gl/fbAQLP

exports[`loader should work: runner_result 1`] = `
"export interface Category {
  id?: number;
  name?: string;
}

export interface Pet {
  id?: number;
  category?: Category;
  name: string;
  photoUrls: string[];
  tags?: Tag[];
  /**
   * pet status in the store
   */
  status?: \\"available\\" | \\"pending\\" | \\"sold\\";
}

export interface Tag {
  id?: number;
  name?: string;
}

export interface ApiResponse {
  code?: number;
  type?: string;
  message?: string;
}

export interface Order {
  id?: number;
  petId?: number;
  quantity?: number;
  shipDate?: string;
  /**
   * Order Status
   */
  status?: \\"placed\\" | \\"approved\\" | \\"delivered\\";
  complete?: boolean;
}

export interface User {
  id?: number;
  username?: string;
  firstName?: string;
  lastName?: string;
  email?: string;
  password?: string;
  phone?: string;
  /**
   * User Status
   */
  userStatus?: number;
}

export type OffsetParamParam = number;

export interface AnotherParamParam {
  dateFrom?: string;
  dateTo?: string;
}

export type ErrorRequestBodyJson = User;

export interface ErrorRequestBodyXml {
  id?: string;
  title?: string;
}

const runtime = \\"runtime line\\";
const apis = \\"apis line\\";
"
`;
