// Jest Snapshot v1, https://goo.gl/fbAQLP

exports[`"name" option should work with "Boolean" value equal "true": errors 1`] = `Array []`;

exports[`"name" option should work with "Boolean" value equal "true": result 1`] = `"foo"`;

exports[`"name" option should work with "Boolean" value equal "true": warnings 1`] = `Array []`;
